---
source: src/tests/lexer.rs
expression: res.unwrap_err()
input_file: src/tests/lexer_inputs/errors/unclosed_comment.txt
---
Error {
    kind: SyntaxError,
    message: "Closing comment tag `#}` not found",
    filename: None,
    span: Some(
         @ 1:0-1:2 (0..2),
    ),
    source: None,
    labels: [],
}
