---
source: src/tests/parser.rs
expression: "&res_nodes"
input_file: src/tests/parser_inputs/success/if.txt
---
[
    If {
        conditions: [
            (
                true @ 1:6-1:10 (6..10),
                [
                    "Hello",
                ],
            ),
            (
                false @ 1:30-1:35 (30..35),
                [
                    "otherwise",
                ],
            ),
            (
                Var {
                    name: "b",
                } @ 1:57-1:58 (57..58),
                [
                    "ELIF",
                ],
            ),
        ],
        else_body: Some(
            [
                Var {
                    name: "world",
                } @ 1:79-1:84 (79..84),
            ],
        ),
    },
    If {
        conditions: [
            (
                Var {
                    name: "something",
                } @ 2:6-2:15 (106..115),
                [
                    "hello",
                ],
            ),
        ],
        else_body: None,
    },
    If {
        conditions: [
            (
                Var {
                    name: "something",
                } @ 3:6-3:15 (141..150),
                [
                    "hello",
                ],
            ),
        ],
        else_body: Some(
            [
                "arr",
            ],
        ),
    },
]
