---
source: src/tests/parser.rs
expression: res.unwrap_err()
input_file: src/tests/parser_inputs/errors/duplicate_block_nested.txt
---
 Syntax error --> [duplicate_block_nested.txt:1:26]
  |
1 | {% block hello %}{% block hello %}{% endblock %}{% endblock %}
  |                           ^---
  = Template already contains a block named `hello`
        
