---
source: src/tests/parser.rs
expression: res.unwrap_err()
input_file: src/tests/parser_inputs/errors/block_in_other_tag.txt
---
 Syntax error --> [block_in_other_tag.txt:2:3]
  |
2 | {% block popup -%} hello {%- endblock %}
  |    ^---
  = Blocks cannot be written in a tag other than block or filter section.
