---
source: src/parser/tests/parser2.rs
expression: "&expr_nodes"
input_file: src/parser/tests/parser_inputs/success/expressions.txt
---
[
    1,
    1.2,
    (not true),
    (- 1),
    'hello',
    'hi',
    'bonjour',
    [1, 1.2, a, 'b', true],
    [1, 1.2, a, 'b', true],
    1,
    true,
    item,
]
