---
source: src/parser/tests/parser2.rs
expression: "&res_nodes"
input_file: src/parser/tests/parser_inputs/success/filter_section.txt
---
[
    FilterSection {
        filter: FunctionCall {
            expr: Var {
                name: "safe",
            } @ 1:10-1:14 (10..14),
            kwargs: {},
        } @ 1:10-1:14 (10..14),
        body: [
            " hello ",
        ],
    },
    FilterSection {
        filter: FunctionCall {
            expr: Var {
                name: "upper",
            } @ 2:10-2:15 (50..55),
            kwargs: {
                "hey": 1 @ 2:20-2:21 (60..61),
            },
        } @ 2:10-2:15 (50..55),
        body: [
            "hello",
        ],
    },
    FilterSection {
        filter: FunctionCall {
            expr: Var {
                name: "upper",
            } @ 3:10-3:15 (100..105),
            kwargs: {
                "hey": 1 @ 3:20-3:21 (110..111),
            },
        } @ 3:10-3:15 (100..105),
        body: [
            If {
                conditions: [
                    (
                        true @ 3:32-3:36 (122..126),
                        [
                            "a",
                        ],
                    ),
                ],
                else_body: [],
            },
        ],
    },
]
