---
source: tera/src/snapshot_tests/lexer.rs
expression: res.unwrap_err()
input_file: tera/src/snapshot_tests/lexer_inputs/errors/invalid_string.txt
---
Error {
    kind: SyntaxError(
        ReportError {
            message: "String opened with `\"` is missing its closing `\"`",
            span:  @ 1:3-1:3 (3..3),
            report: "",
        },
    ),
    source: None,
}
