---
source: tera/src/snapshot_tests/rendering.rs
assertion_line: 180
expression: "&err"
input_file: tera/src/snapshot_tests/rendering_inputs/errors/unknown_field_opt.txt
---
 Rendering error --> [unknown_field_opt.txt:1:9]
  |
1 | {{ name?.unknown }}
  |          ^---
  = Tried to render a variable that is not defined
