---
source: tera/src/snapshot_tests/compiler.rs
expression: compiler.chunk
input_file: tera/src/snapshot_tests/compiler_inputs/success/ternary.txt
---
=== ternary.txt ===
0000 LoadName("age")
0001 LoadConst(I64(18))
0002 GreaterThanOrEqual
0003 PopJumpIfFalse(6)
0004 LoadConst(String("majeur", Normal))
0005 Jump(7)
0006 LoadConst(String("mineur", Normal))
0007 WriteTop
