---
source: tera/src/snapshot_tests/parser.rs
expression: "&nodes"
input_file: tera/src/snapshot_tests/parser_inputs/success/tpl/tpl_slightly_complex.txt
---
[
    "<html>\n  <head>\n    <title>",
    Block {
        name: "title",
        body: [
            GetAttr {
                expr: Var {
                    name: "product",
                } @ 3:31-3:38 (47..54),
                name: "name",
            } @ 3:39-3:43 (55..59),
        ],
    },
    "</title>\n  </head>\n  <body>",
    Block {
        name: "content",
        body: [
            ForLoop {
                key: None,
                value: "item",
                target: Var {
                    name: "items",
                } @ 7:24-7:29 (160..165),
                body: [
                    If {
                        expr: GetAttr {
                            expr: Var {
                                name: "item",
                            } @ 8:19-8:23 (189..193),
                            name: "show",
                        } @ 8:24-8:28 (194..198),
                        body: [
                            GetAttr {
                                expr: Var {
                                    name: "item",
                                } @ 8:34-8:38 (204..208),
                                name: "name",
                            } @ 8:39-8:43 (209..213),
                        ],
                        false_body: [
                            "-",
                        ],
                    },
                    "Price: $",
                    Filter {
                        expr: BinaryOperation {
                            op: Minus,
                            left: BinaryOperation {
                                op: Mul,
                                left: GetAttr {
                                    expr: Var {
                                        name: "item",
                                    } @ 9:23-9:27 (265..269),
                                    name: "price",
                                } @ 9:28-9:33 (270..275),
                                right: Var {
                                    name: "vat",
                                } @ 9:36-9:39 (278..281),
                            } @ 9:23-9:39 (265..281),
                            right: BinaryOperation {
                                op: Mul,
                                left: GetAttr {
                                    expr: Var {
                                        name: "item",
                                    } @ 9:43-9:47 (285..289),
                                    name: "price",
                                } @ 9:48-9:53 (290..295),
                                right: Var {
                                    name: "discount",
                                } @ 9:56-9:64 (298..306),
                            } @ 9:43-9:65 (285..307),
                        } @ 9:23-9:65 (265..307),
                        name: "integer",
                        kwargs: {
                            "base": 10 @ 9:81-9:83 (323..325),
                        },
                    } @ 9:68-9:84 (310..326),
                    "\n\n            ",
                    FilterSection {
                        name: "markdown" @ 11:22-11:30 (353..361),
                        kwargs: {},
                        body: [
                            "\n            ## Description\n\n            ",
                            Filter {
                                expr: GetAttr {
                                    expr: Var {
                                        name: "page",
                                    } @ 14:15-14:19 (408..412),
                                    name: "description",
                                } @ 14:20-14:31 (413..424),
                                name: "safe",
                                kwargs: {},
                            } @ 14:34-14:38 (427..431),
                            "\n            ",
                        ],
                    },
                    "\n\n            ",
                    Filter {
                        expr: ComponentCall {
                            name: "cta",
                            kwargs: {
                                "title": "Buy now" @ 17:26-17:35 (490..499),
                            },
                            body: [],
                        } @ 17:15-17:36 (479..500),
                        name: "safe",
                        kwargs: {},
                    } @ 17:39-17:43 (503..507),
                    "\n\n            ",
                    Include {
                        name: "sales.html",
                    },
                ],
                else_body: [
                    "No items.",
                ],
            },
        ],
    },
    "</body>\n</html>\n",
]
