---
source: tera/src/snapshot_tests/rendering.rs
expression: "&out"
input_file: tera/src/snapshot_tests/rendering_inputs/success/autoescape_disabled.txt.notescaped
---
<"string1"> <"string2">
<"string1"><"string2">
<"string1"><"string2">
<"string1"><"string2">

['<"string1">', '<"string2">']

{key1: '<"string1">', key2: '<"string2">'}
<"string1"><p>I should be escaped by default</p>
true
